=== Host env snapshot (unchanged after this script) ===
{
  "MMFFRANDOM_FAST": null,
  "MMFFRANDOM_WEIGHTED": null,
  "PRETRAIN_AMP": null,
  "PIN_MEMORY": "0",
  "DATALOADER_NUM_WORKERS": "0",
  "MMFF_WEIGHTS_PATH": "C:\\DGCL\\3DGCL\\examples\\sslgraph\\bench\\figs\\qdf_ensemble_cpu_xpu_20260514_134708\\xpu\\mmff_weights.pt",
  "TORCH_DEVICE": "xpu",
  "TORCH_SKIP_NPU": null
}

>>> [baseline (PyG views)] env overrides: {'MMFFRANDOM_FAST': None, 'MMFFRANDOM_WEIGHTED': None, 'PRETRAIN_AMP': None}
    wall=8.278s  mean_cpu=97.5%  mean_xpu=63.2%  peak_rss=3955MB  view[0]=RandomView

>>> [optimized (MMFF_FAST + bf16)] env overrides: {'MMFFRANDOM_FAST': '1', 'PRETRAIN_AMP': 'bf16'}
    wall=3.934s  mean_cpu=99.3%  mean_xpu=67.7%  peak_rss=4404MB  view[0]=FastRandomMMFFView

[saved] C:\DGCL\3DGCL\examples\sslgraph\bench\figs\qdf_ensemble_cpu_xpu_20260514_134708\xpu\pretrain_ab\pretrain_ab_results.json
[saved] C:\DGCL\3DGCL\examples\sslgraph\bench\figs\qdf_ensemble_cpu_xpu_20260514_134708\xpu\pretrain_ab\bars_pretrain_ab_0514_2300.png
[saved] C:\DGCL\3DGCL\examples\sslgraph\bench\figs\qdf_ensemble_cpu_xpu_20260514_134708\xpu\pretrain_ab\bars_pretrain_stages_0514_2300.png
[saved] C:\DGCL\3DGCL\examples\sslgraph\bench\figs\qdf_ensemble_cpu_xpu_20260514_134708\xpu\pretrain_ab\timeseries_cpu_xpu_0514_2300.png

=== Ratio (A wall / B wall) = 2.10x  (higher = B faster) ===
