=== Host env snapshot (unchanged after this script) ===
{
  "MMFFRANDOM_FAST": null,
  "MMFFRANDOM_WEIGHTED": null,
  "PRETRAIN_AMP": null,
  "PIN_MEMORY": "0",
  "DATALOADER_NUM_WORKERS": "0",
  "MMFF_WEIGHTS_PATH": "C:\\DGCL\\3DGCL\\examples\\sslgraph\\bench\\figs\\qdf_ensemble_cpu_xpu_20260514_140736\\xpu\\mmff_weights.pt",
  "TORCH_DEVICE": "xpu",
  "TORCH_SKIP_NPU": null
}

>>> [baseline (PyG views)] env overrides: {'MMFFRANDOM_FAST': None, 'MMFFRANDOM_WEIGHTED': None, 'PRETRAIN_AMP': None}
    wall=10.678s  mean_cpu=94.4%  mean_xpu=58.4%  peak_rss=4157MB  view[0]=RandomView

>>> [optimized (MMFF_FAST + bf16)] env overrides: {'MMFFRANDOM_FAST': '1', 'PRETRAIN_AMP': 'bf16'}
    wall=6.501s  mean_cpu=96.4%  mean_xpu=57.1%  peak_rss=4713MB  view[0]=FastRandomMMFFView

[saved] C:\DGCL\3DGCL\examples\sslgraph\bench\figs\qdf_ensemble_cpu_xpu_20260514_140736\xpu\pretrain_ab\pretrain_ab_results.json
[saved] C:\DGCL\3DGCL\examples\sslgraph\bench\figs\qdf_ensemble_cpu_xpu_20260514_140736\xpu\pretrain_ab\bars_pretrain_ab_0514_2318.png
[saved] C:\DGCL\3DGCL\examples\sslgraph\bench\figs\qdf_ensemble_cpu_xpu_20260514_140736\xpu\pretrain_ab\bars_pretrain_stages_0514_2318.png
[saved] C:\DGCL\3DGCL\examples\sslgraph\bench\figs\qdf_ensemble_cpu_xpu_20260514_140736\xpu\pretrain_ab\timeseries_cpu_xpu_0514_2318.png

=== Ratio (A wall / B wall) = 1.64x  (higher = B faster) ===
